0 verbose cli /opt/homebrew/Cellar/node/24.7.0/bin/node /opt/homebrew/lib/node_modules/npm/bin/npm-cli.js
1 info using npm@11.5.1
2 info using node@v24.7.0
3 silly config load:file:/opt/homebrew/lib/node_modules/npm/npmrc
4 silly config load:file:/Volumes/backup/Antigravity/Nexus/.npmrc
5 silly config load:file:/Users/danielzuluaga/.npmrc
6 silly config load:file:/opt/homebrew/etc/npmrc
7 verbose title npm exec firebase-tools@latest functions:log --project nexus-5b9bb --only api -n 300
8 verbose argv "exec" "--" "firebase-tools@latest" "functions:log" "--project" "nexus-5b9bb" "--only" "api" "-n" "300"
9 verbose logfile logs-max:10 dir:/Volumes/backup/Antigravity/Nexus/.npm-cache/_logs/2026-03-31T01_19_06_387Z-
0 verbose cli /opt/homebrew/Cellar/node/24.7.0/bin/node /opt/homebrew/lib/node_modules/npm/bin/npm-cli.js
10 verbose logfile /Volumes/backup/Antigravity/Nexus/.npm-cache/_logs/2026-03-31T01_19_06_387Z-debug-0.log
1 info using npm@11.5.1
2 info using node@v24.7.0
3 silly config load:file:/opt/homebrew/lib/node_modules/npm/npmrc
4 silly config load:file:/Volumes/backup/Antigravity/Nexus/.npmrc
5 silly config load:file:/Users/danielzuluaga/.npmrc
6 silly config load:file:/opt/homebrew/etc/npmrc
7 verbose title npm exec firebase-tools@latest functions:log --project nexus-5b9bb --only worker -n 300
8 verbose argv "exec" "--" "firebase-tools@latest" "functions:log" "--project" "nexus-5b9bb" "--only" "worker" "-n" "300"
9 verbose logfile logs-max:10 dir:/Volumes/backup/Antigravity/Nexus/.npm-cache/_logs/2026-03-31T01_19_06_387Z-
10 verbose logfile /Volumes/backup/Antigravity/Nexus/.npm-cache/_logs/2026-03-31T01_19_06_387Z-debug-0.log
11 silly logfile start cleaning logs, removing 1 files
11 silly logfile start cleaning logs, removing 1 files
12 silly logfile done cleaning log files
12 silly logfile done cleaning log files
13 silly packumentCache heap:4496293888 maxSize:1124073472 maxEntrySize:562036736
13 silly packumentCache heap:4496293888 maxSize:1124073472 maxEntrySize:562036736
14 http fetch GET 200 https://registry.npmjs.org/firebase-tools 342ms (cache revalidated)
15 silly packumentCache heap:4496293888 maxSize:1124073472 maxEntrySize:562036736
14 http fetch GET 200 https://registry.npmjs.org/firebase-tools 356ms (cache revalidated)
15 silly packumentCache heap:4496293888 maxSize:1124073472 maxEntrySize:562036736
16 silly packumentCache heap:4496293888 maxSize:1124073472 maxEntrySize:562036736
16 silly packumentCache heap:4496293888 maxSize:1124073472 maxEntrySize:562036736
17 verbose cwd /Volumes/backup/Antigravity/Nexus
18 verbose os Darwin 25.3.0
19 verbose node v24.7.0
20 verbose npm  v11.5.1
21 verbose exit 0
22 info ok
17 verbose cwd /Volumes/backup/Antigravity/Nexus
18 verbose os Darwin 25.3.0
19 verbose node v24.7.0
20 verbose npm  v11.5.1
21 verbose exit 0
22 info ok
